// Jest Snapshot v1, https://goo.gl/fbAQLP

exports[`src/client/index downloadCoubs should append to coubs 1`] = `
[
  {
    "id": 1,
  },
  {
    "id": 2,
  },
  {
    "id": 3,
  },
  {
    "id": 4,
  },
  {
    "id": 5,
  },
  {
    "id": 6,
  },
  {
    "id": 7,
  },
  {
    "id": 8,
  },
]
`;

exports[`src/client/index downloadCoubs should download json 1`] = `
[
  [
    "/api/v2/timeline/likes?all=true&order_by=date&per_page=25&page=1",
  ],
  [
    "/api/v2/timeline/likes?all=true&order_by=date&per_page=25&page=2",
  ],
  [
    "/api/v2/timeline/likes?all=true&order_by=date&per_page=25&page=3",
  ],
]
`;

exports[`src/client/index downloadCoubs should set popup content 1`] = `
[
  [
    "Downloading likes (page 1 of 3)...",
  ],
  [
    "Downloading likes (page 2 of 3)...",
  ],
  [
    "Downloading likes (page 3 of 3)...",
  ],
]
`;

exports[`src/client/index downloadCoubs should sleep on each request 1`] = `
[
  [
    300,
  ],
  [
    300,
  ],
  [
    300,
  ],
]
`;

exports[`src/client/index execute should download JSON file 1`] = `
[
  [
    "username.json",
    "[]",
  ],
]
`;

exports[`src/client/index execute should download likes and favourites 1`] = `
[
  [
    [],
    "likes",
    {
      "popup": {
        "close": [MockFunction] {
          "calls": [
            [],
          ],
          "results": [
            {
              "type": "return",
              "value": undefined,
            },
          ],
        },
      },
      "setContent": [MockFunction],
      "show": [Function],
    },
    300,
  ],
  [
    [],
    "favourites",
    {
      "popup": {
        "close": [MockFunction] {
          "calls": [
            [],
          ],
          "results": [
            {
              "type": "return",
              "value": undefined,
            },
          ],
        },
      },
      "setContent": [MockFunction],
      "show": [Function],
    },
    300,
  ],
]
`;
